I'm sorry, but errors were detected in your script. Please correct the
errors listed below, and try again.


File "game/script.rpy", line 263: unterminated string literal
    "\"Did you dye your hair?"\":

Ren'Py Version: Ren'Py 8.5.2.26010301
Sat May  2 16:10:42 2026
